// Jest Snapshot v1, https://goo.gl/fbAQLP

exports[`Expect <Error /> to renderCorrectly 1`] = `
<p
  className="error"
>
  Error text
</p>
`;
